------------------------------------------------------------
Timing Analyzer Summary
------------------------------------------------------------

Type  : Slow 1100mV 85C Model Setup 'clk'
Slack : -0.369
TNS   : -1.038

Type  : Slow 1100mV 85C Model Hold 'clk'
Slack : 0.421
TNS   : 0.000

Type  : Slow 1100mV 85C Model Minimum Pulse Width 'clk'
Slack : -0.724
TNS   : -4.430

Type  : Slow 1100mV 0C Model Setup 'clk'
Slack : -0.327
TNS   : -0.894

Type  : Slow 1100mV 0C Model Hold 'clk'
Slack : 0.404
TNS   : 0.000

Type  : Slow 1100mV 0C Model Minimum Pulse Width 'clk'
Slack : -0.724
TNS   : -4.516

Type  : Fast 1100mV 85C Model Setup 'clk'
Slack : 0.397
TNS   : 0.000

Type  : Fast 1100mV 85C Model Hold 'clk'
Slack : 0.191
TNS   : 0.000

Type  : Fast 1100mV 85C Model Minimum Pulse Width 'clk'
Slack : -0.079
TNS   : -0.313

Type  : Fast 1100mV 0C Model Setup 'clk'
Slack : 0.437
TNS   : 0.000

Type  : Fast 1100mV 0C Model Hold 'clk'
Slack : 0.175
TNS   : 0.000

Type  : Fast 1100mV 0C Model Minimum Pulse Width 'clk'
Slack : -0.080
TNS   : -0.316

------------------------------------------------------------
