------------------------------------------------------------
Timing Analyzer Summary
------------------------------------------------------------

Type  : Slow 1100mV 85C Model Setup 'clk'
Slack : -0.416
TNS   : -1.164

Type  : Slow 1100mV 85C Model Hold 'clk'
Slack : 0.305
TNS   : 0.000

Type  : Slow 1100mV 85C Model Minimum Pulse Width 'clk'
Slack : -0.724
TNS   : -3.316

Type  : Slow 1100mV 0C Model Setup 'clk'
Slack : -0.524
TNS   : -1.256

Type  : Slow 1100mV 0C Model Hold 'clk'
Slack : 0.294
TNS   : 0.000

Type  : Slow 1100mV 0C Model Minimum Pulse Width 'clk'
Slack : -0.724
TNS   : -3.394

Type  : Fast 1100mV 85C Model Setup 'clk'
Slack : 0.351
TNS   : 0.000

Type  : Fast 1100mV 85C Model Hold 'clk'
Slack : 0.135
TNS   : 0.000

Type  : Fast 1100mV 85C Model Minimum Pulse Width 'clk'
Slack : -0.083
TNS   : -0.247

Type  : Fast 1100mV 0C Model Setup 'clk'
Slack : 0.400
TNS   : 0.000

Type  : Fast 1100mV 0C Model Hold 'clk'
Slack : 0.122
TNS   : 0.000

Type  : Fast 1100mV 0C Model Minimum Pulse Width 'clk'
Slack : -0.083
TNS   : -0.245

------------------------------------------------------------
